<div id='content'>
<div class='left column' style='border-right: 1px solid black'>
<h2>Welcome to our site!</h2>
</div>
<div class='right column' style='border-left: 1px solid black'>
We hope you stick around
</div>
</div>

<div>Hello</div>
