
window.HAML['ruby1'] = "<div id='content'>\n<div class='left column' style='border-right: 1px solid black'>\n<h2>Welcome to our site!</h2>\n</div>\n<div class='right column' style='border-left: 1px solid black'>\nWe hope you stick around\n</div>\n</div>\n";
