
window.HAML['coffee1'] = "<!DOCTYPE html>\n<div id='main'>\n  <div class='note'>\n    <h2>Quick Notes</h2>\n    <ul>\n      <li>\n        Haml Coffee is usually indented with two spaces,\n        although more than two is allowed.\n        You have to be consistent, though.\n      </li>\n      <li>\n        The first character of any line is called\n        the \"control character\" - it says \"make a tag\"\n        or \"run CoffeeScript code\" or all sorts of things.\n      </li>\n      <li>\n        Haml takes care of nicely indenting your HTML.\n      </li>\n      <li>\n        Haml Coffee allows CoffeeScript code and blocks.\n      </li>\n    </ul>\n  </div>\n  <div class='note'>\n    You can get more information by reading the\n    <a href='https://github.com/netzpirat/haml-coffee'>\n      Official Haml Coffee Documentation\n    </a>\n  </div>\n  <div class='note'>\n    <p>\n      CoffeeScript code is included by using = at the\n      beginning of a line.\n    </p>\n    <p>\n      Read the tutorial for more information.\n    </p>\n  </div>\n</div>";
